I'm sorry, but errors were detected in your script. Please correct the
errors listed below, and try again.


File "game/01myactiontmp.rpy", line 2: invalid syntax
    from 00myloadsave import save
           ^
    

Ren'Py Version: Ren'Py 7.1.3.1092
Tue Dec 25 19:06:56 2018
